when the going gets weird

the weird

turn pro




